[2024-04-24 10:47:33,210: INFO: stage_01_data_ingestion: >>>>>>>>> stage Data Ingestion Stage started <<<<<<<<]
[2024-04-24 10:47:33,212: INFO: common: yaml file: A:\MlProject\RED_WINE_QUALITY\config\config.yaml loaded successfully]
[2024-04-24 10:47:33,214: INFO: common: yaml file: A:\MlProject\RED_WINE_QUALITY\params.yaml loaded successfully]
[2024-04-24 10:47:33,217: INFO: common: yaml file: A:\MlProject\RED_WINE_QUALITY\schema.yaml loaded successfully]
[2024-04-24 10:47:33,218: INFO: common: created directory at: artifacts]
[2024-04-24 10:47:33,219: INFO: common: created directory at: artifacts/data_ingestion]
[2024-04-24 10:47:34,526: INFO: data_ingestion: artifacts/data_ingestion/data.zip download! with following info: 
Connection: close
Content-Length: 23329
Cache-Control: max-age=300
Content-Security-Policy: default-src 'none'; style-src 'unsafe-inline'; sandbox
Content-Type: application/zip
ETag: "c69888a4ae59bc5a893392785a938ccd4937981c06ba8a9d6a21aa52b4ab5b6e"
Strict-Transport-Security: max-age=31536000
X-Content-Type-Options: nosniff
X-Frame-Options: deny
X-XSS-Protection: 1; mode=block
X-GitHub-Request-Id: EA72:3110A7:3AB13D:4EA668:662895F4
Accept-Ranges: bytes
Date: Wed, 24 Apr 2024 05:17:40 GMT
Via: 1.1 varnish
X-Served-By: cache-del21729-DEL
X-Cache: MISS
X-Cache-Hits: 0
X-Timer: S1713935860.317450,VS0,VE319
Vary: Authorization,Accept-Encoding,Origin
Access-Control-Allow-Origin: *
Cross-Origin-Resource-Policy: cross-origin
X-Fastly-Request-ID: f59fb9fdc937ce460323f0fe8b515439fecff1e5
Expires: Wed, 24 Apr 2024 05:22:40 GMT
Source-Age: 0

]
[2024-04-24 10:47:34,536: INFO: stage_01_data_ingestion: >>>>>>>>> stage Data Ingestion Stage Completed <<<<<<<<]
[2024-04-24 12:43:13,520: INFO: common: yaml file: config\config.yaml loaded successfully]
[2024-04-24 12:44:05,672: INFO: common: yaml file: config\config.yaml loaded successfully]
[2024-04-24 12:44:41,521: INFO: common: yaml file: schema.yaml loaded successfully]
[2024-04-24 12:44:57,161: INFO: common: yaml file: schema.yaml loaded successfully]
[2024-04-24 12:45:18,224: INFO: common: yaml file: schema.yaml loaded successfully]
[2024-04-24 12:45:24,696: INFO: common: yaml file: schema.yaml loaded successfully]
[2024-04-24 12:45:28,624: INFO: common: yaml file: schema.yaml loaded successfully]
[2024-04-24 12:45:30,352: INFO: common: yaml file: schema.yaml loaded successfully]
[2024-04-24 12:45:39,408: INFO: common: yaml file: schema.yaml loaded successfully]
[2024-04-24 12:45:52,832: INFO: common: yaml file: schema.yaml loaded successfully]
[2024-04-24 12:45:57,296: INFO: common: yaml file: schema.yaml loaded successfully]
[2024-04-24 12:46:19,537: INFO: common: yaml file: schema.yaml loaded successfully]
[2024-04-24 12:48:20,783: INFO: common: yaml file: schema.yaml loaded successfully]
[2024-04-24 12:48:28,104: INFO: common: yaml file: schema.yaml loaded successfully]
[2024-04-24 12:49:29,959: INFO: common: yaml file: schema.yaml loaded successfully]
[2024-04-24 13:01:18,829: INFO: common: yaml file: schema.yaml loaded successfully]
[2024-04-24 13:03:08,364: INFO: common: yaml file: schema.yaml loaded successfully]
[2024-04-24 13:03:38,321: INFO: common: yaml file: schema.yaml loaded successfully]
[2024-04-24 13:32:26,601: INFO: common: yaml file: A:\MlProject\RED_WINE_QUALITY\config\config.yaml loaded successfully]
[2024-04-24 13:32:26,604: INFO: common: yaml file: A:\MlProject\RED_WINE_QUALITY\params.yaml loaded successfully]
[2024-04-24 13:32:26,607: INFO: common: yaml file: A:\MlProject\RED_WINE_QUALITY\schema.yaml loaded successfully]
[2024-04-24 13:32:26,609: INFO: common: created directory at: artifacts]
[2024-04-24 13:32:26,610: INFO: common: created directory at: artifacts/data_validation]
[2024-04-24 13:32:59,736: INFO: common: yaml file: A:\MlProject\RED_WINE_QUALITY\config\config.yaml loaded successfully]
[2024-04-24 13:32:59,738: INFO: common: yaml file: A:\MlProject\RED_WINE_QUALITY\params.yaml loaded successfully]
[2024-04-24 13:32:59,741: INFO: common: yaml file: A:\MlProject\RED_WINE_QUALITY\schema.yaml loaded successfully]
[2024-04-24 13:32:59,742: INFO: common: created directory at: artifacts]
[2024-04-24 13:32:59,743: INFO: common: created directory at: artifacts/data_validation]
[2024-04-24 13:41:16,166: INFO: common: yaml file: A:\MlProject\RED_WINE_QUALITY\config\config.yaml loaded successfully]
[2024-04-24 13:41:16,168: INFO: common: yaml file: A:\MlProject\RED_WINE_QUALITY\params.yaml loaded successfully]
[2024-04-24 13:41:16,171: INFO: common: yaml file: A:\MlProject\RED_WINE_QUALITY\schema.yaml loaded successfully]
[2024-04-24 13:41:16,172: INFO: common: created directory at: artifacts]
[2024-04-24 13:41:16,173: INFO: common: created directory at: artifacts/data_validation]
[2024-04-24 13:44:28,524: INFO: common: yaml file: A:\MlProject\RED_WINE_QUALITY\config\config.yaml loaded successfully]
[2024-04-24 13:44:28,525: INFO: common: yaml file: A:\MlProject\RED_WINE_QUALITY\params.yaml loaded successfully]
[2024-04-24 13:44:28,528: INFO: common: yaml file: A:\MlProject\RED_WINE_QUALITY\schema.yaml loaded successfully]
[2024-04-24 13:44:28,530: INFO: common: created directory at: artifacts]
[2024-04-24 13:44:28,531: INFO: common: created directory at: artifacts/data_validation]
[2024-04-24 13:45:33,564: INFO: common: yaml file: A:\MlProject\RED_WINE_QUALITY\config\config.yaml loaded successfully]
[2024-04-24 13:45:33,566: INFO: common: yaml file: A:\MlProject\RED_WINE_QUALITY\params.yaml loaded successfully]
[2024-04-24 13:45:33,569: INFO: common: yaml file: A:\MlProject\RED_WINE_QUALITY\schema.yaml loaded successfully]
[2024-04-24 13:45:33,571: INFO: common: created directory at: artifacts]
[2024-04-24 13:45:33,571: INFO: common: created directory at: artifacts/data_validation]
[2024-04-24 14:00:27,296: INFO: stage_02_data_validation: >>>>>>>>>  Data Validation Stage started <<<<<<<<]
[2024-04-24 14:00:27,298: INFO: common: yaml file: A:\MlProject\RED_WINE_QUALITY\config\config.yaml loaded successfully]
[2024-04-24 14:00:27,299: INFO: common: yaml file: A:\MlProject\RED_WINE_QUALITY\params.yaml loaded successfully]
[2024-04-24 14:00:27,302: INFO: common: yaml file: A:\MlProject\RED_WINE_QUALITY\schema.yaml loaded successfully]
[2024-04-24 14:00:27,303: INFO: common: created directory at: artifacts]
[2024-04-24 14:00:27,303: INFO: common: created directory at: artifacts/data_validation]
[2024-04-24 14:00:27,335: INFO: stage_02_data_validation: >>>>>>>>>  Data Validation Stage Completed <<<<<<<<]
[2024-04-24 14:45:16,400: INFO: common: yaml file: A:\MlProject\RED_WINE_QUALITY\config\config.yaml loaded successfully]
[2024-04-24 14:45:16,402: INFO: common: yaml file: A:\MlProject\RED_WINE_QUALITY\params.yaml loaded successfully]
[2024-04-24 14:45:16,405: INFO: common: yaml file: A:\MlProject\RED_WINE_QUALITY\schema.yaml loaded successfully]
[2024-04-24 14:45:16,406: INFO: common: created directory at: artifacts]
[2024-04-24 14:45:51,845: INFO: common: yaml file: A:\MlProject\RED_WINE_QUALITY\config\config.yaml loaded successfully]
[2024-04-24 14:45:51,846: INFO: common: yaml file: A:\MlProject\RED_WINE_QUALITY\params.yaml loaded successfully]
[2024-04-24 14:45:51,849: INFO: common: yaml file: A:\MlProject\RED_WINE_QUALITY\schema.yaml loaded successfully]
[2024-04-24 14:45:51,850: INFO: common: created directory at: artifacts]
[2024-04-24 14:46:57,407: INFO: common: yaml file: A:\MlProject\RED_WINE_QUALITY\config\config.yaml loaded successfully]
[2024-04-24 14:46:57,409: INFO: common: yaml file: A:\MlProject\RED_WINE_QUALITY\params.yaml loaded successfully]
[2024-04-24 14:46:57,412: INFO: common: yaml file: A:\MlProject\RED_WINE_QUALITY\schema.yaml loaded successfully]
[2024-04-24 14:46:57,413: INFO: common: created directory at: artifacts]
[2024-04-24 14:47:13,149: INFO: common: yaml file: A:\MlProject\RED_WINE_QUALITY\config\config.yaml loaded successfully]
[2024-04-24 14:47:13,151: INFO: common: yaml file: A:\MlProject\RED_WINE_QUALITY\params.yaml loaded successfully]
[2024-04-24 14:47:13,153: INFO: common: yaml file: A:\MlProject\RED_WINE_QUALITY\schema.yaml loaded successfully]
[2024-04-24 14:47:13,155: INFO: common: created directory at: artifacts]
[2024-04-24 14:47:37,764: INFO: common: yaml file: A:\MlProject\RED_WINE_QUALITY\config\config.yaml loaded successfully]
[2024-04-24 14:47:37,766: INFO: common: yaml file: A:\MlProject\RED_WINE_QUALITY\params.yaml loaded successfully]
[2024-04-24 14:47:37,769: INFO: common: yaml file: A:\MlProject\RED_WINE_QUALITY\schema.yaml loaded successfully]
[2024-04-24 14:47:37,770: INFO: common: created directory at: artifacts]
[2024-04-24 14:50:46,588: INFO: common: yaml file: A:\MlProject\RED_WINE_QUALITY\config\config.yaml loaded successfully]
[2024-04-24 14:50:46,590: INFO: common: yaml file: A:\MlProject\RED_WINE_QUALITY\params.yaml loaded successfully]
[2024-04-24 14:50:46,593: INFO: common: yaml file: A:\MlProject\RED_WINE_QUALITY\schema.yaml loaded successfully]
[2024-04-24 14:50:46,595: INFO: common: created directory at: artifacts]
[2024-04-24 14:50:46,596: INFO: common: created directory at: artifacts/data_transformation]
[2024-04-24 14:51:37,380: INFO: common: yaml file: A:\MlProject\RED_WINE_QUALITY\config\config.yaml loaded successfully]
[2024-04-24 14:51:37,381: INFO: common: yaml file: A:\MlProject\RED_WINE_QUALITY\params.yaml loaded successfully]
[2024-04-24 14:51:37,384: INFO: common: yaml file: A:\MlProject\RED_WINE_QUALITY\schema.yaml loaded successfully]
[2024-04-24 14:51:37,386: INFO: common: created directory at: artifacts]
[2024-04-24 14:51:37,393: INFO: common: created directory at: artifacts/data_transformation]
[2024-04-24 14:54:14,922: INFO: common: yaml file: A:\MlProject\RED_WINE_QUALITY\config\config.yaml loaded successfully]
[2024-04-24 14:54:14,924: INFO: common: yaml file: A:\MlProject\RED_WINE_QUALITY\params.yaml loaded successfully]
[2024-04-24 14:54:14,927: INFO: common: yaml file: A:\MlProject\RED_WINE_QUALITY\schema.yaml loaded successfully]
[2024-04-24 14:54:14,928: INFO: common: created directory at: artifacts]
[2024-04-24 14:54:14,929: INFO: common: created directory at: artifacts/data_transformation]
[2024-04-24 14:55:28,479: INFO: common: yaml file: A:\MlProject\RED_WINE_QUALITY\config\config.yaml loaded successfully]
[2024-04-24 14:55:28,481: INFO: common: yaml file: A:\MlProject\RED_WINE_QUALITY\params.yaml loaded successfully]
[2024-04-24 14:55:28,483: INFO: common: yaml file: A:\MlProject\RED_WINE_QUALITY\schema.yaml loaded successfully]
[2024-04-24 14:55:28,485: INFO: common: created directory at: artifacts]
[2024-04-24 14:55:28,492: INFO: common: created directory at: artifacts/data_transformation]
[2024-04-24 14:55:43,729: INFO: common: yaml file: A:\MlProject\RED_WINE_QUALITY\config\config.yaml loaded successfully]
[2024-04-24 14:55:43,731: INFO: common: yaml file: A:\MlProject\RED_WINE_QUALITY\params.yaml loaded successfully]
[2024-04-24 14:55:43,734: INFO: common: yaml file: A:\MlProject\RED_WINE_QUALITY\schema.yaml loaded successfully]
[2024-04-24 14:55:43,735: INFO: common: created directory at: artifacts]
[2024-04-24 14:55:43,736: INFO: common: created directory at: artifacts/data_transformation]
[2024-04-24 14:58:35,128: INFO: common: yaml file: A:\MlProject\RED_WINE_QUALITY\config\config.yaml loaded successfully]
[2024-04-24 14:58:35,129: INFO: common: yaml file: A:\MlProject\RED_WINE_QUALITY\params.yaml loaded successfully]
[2024-04-24 14:58:35,133: INFO: common: yaml file: A:\MlProject\RED_WINE_QUALITY\schema.yaml loaded successfully]
[2024-04-24 14:58:35,134: INFO: common: created directory at: artifacts]
[2024-04-24 14:58:35,135: INFO: common: created directory at: artifacts/data_transformation]
[2024-04-24 14:58:35,153: INFO: 2179872245: Sokited data into training and test sets]
[2024-04-24 14:58:35,154: INFO: 2179872245: (1199, 12)]
[2024-04-24 14:59:43,768: INFO: common: yaml file: A:\MlProject\RED_WINE_QUALITY\config\config.yaml loaded successfully]
[2024-04-24 14:59:43,770: INFO: common: yaml file: A:\MlProject\RED_WINE_QUALITY\params.yaml loaded successfully]
[2024-04-24 14:59:43,773: INFO: common: yaml file: A:\MlProject\RED_WINE_QUALITY\schema.yaml loaded successfully]
[2024-04-24 14:59:43,774: INFO: common: created directory at: artifacts]
[2024-04-24 14:59:43,775: INFO: common: created directory at: artifacts/data_transformation]
[2024-04-24 14:59:43,793: INFO: 3307806916: Splited Data into Training and Test Sets]
[2024-04-24 14:59:43,794: INFO: 3307806916: (1199, 12)]
[2024-04-24 14:59:43,794: INFO: 3307806916: (400, 12)]
[2024-04-24 15:36:12,547: INFO: stage_02_data_validation: >>>>>>>>>  Data Validation Stage started <<<<<<<<]
[2024-04-24 15:36:12,550: INFO: common: yaml file: A:\MlProject\RED_WINE_QUALITY\config\config.yaml loaded successfully]
[2024-04-24 15:36:12,552: INFO: common: yaml file: A:\MlProject\RED_WINE_QUALITY\params.yaml loaded successfully]
[2024-04-24 15:36:12,554: INFO: common: yaml file: A:\MlProject\RED_WINE_QUALITY\schema.yaml loaded successfully]
[2024-04-24 15:36:12,555: INFO: common: created directory at: artifacts]
[2024-04-24 15:36:12,556: INFO: common: created directory at: artifacts/data_validation]
[2024-04-24 15:36:12,556: ERROR: stage_02_data_validation: "'ConfigBox' object has no attribute 'status_dtype_file'"]
Traceback (most recent call last):
  File "box\box.py", line 503, in box.box.Box.__getitem__
KeyError: 'status_dtype_file'

The above exception was the direct cause of the following exception:

Traceback (most recent call last):
  File "box\box.py", line 536, in box.box.Box.__getattr__
  File "box\box.py", line 524, in box.box.Box.__getitem__
box.exceptions.BoxKeyError: "'status_dtype_file'"

During handling of the above exception, another exception occurred:

Traceback (most recent call last):
  File "box\box.py", line 538, in box.box.Box.__getattr__
AttributeError: 'ConfigBox' object has no attribute 'status_dtype_file'

The above exception was the direct cause of the following exception:

Traceback (most recent call last):
  File "box\config_box.py", line 28, in box.config_box.ConfigBox.__getattr__
  File "box\box.py", line 552, in box.box.Box.__getattr__
box.exceptions.BoxKeyError: "'ConfigBox' object has no attribute 'status_dtype_file'"

During handling of the above exception, another exception occurred:

Traceback (most recent call last):
  File "box\box.py", line 503, in box.box.Box.__getitem__
KeyError: 'status_dtype_file'

The above exception was the direct cause of the following exception:

Traceback (most recent call last):
  File "box\box.py", line 536, in box.box.Box.__getattr__
  File "box\box.py", line 524, in box.box.Box.__getitem__
box.exceptions.BoxKeyError: "'status_dtype_file'"

During handling of the above exception, another exception occurred:

Traceback (most recent call last):
  File "box\box.py", line 538, in box.box.Box.__getattr__
AttributeError: 'ConfigBox' object has no attribute 'status_dtype_file'

The above exception was the direct cause of the following exception:

Traceback (most recent call last):
  File "a:\MlProject\RED_WINE_QUALITY\src\Red_Wine_Quality\pipeline\stage_02_data_validation.py", line 26, in <module>
    obj.main()
  File "a:\MlProject\RED_WINE_QUALITY\src\Red_Wine_Quality\pipeline\stage_02_data_validation.py", line 15, in main
    data_validation_config=config.get_data_validation_config()
  File "a:\mlproject\red_wine_quality\src\Red_Wine_Quality\config\configuration.py", line 36, in get_data_validation_config
    status_dtype_file=config.status_dtype_file,
  File "box\config_box.py", line 30, in box.config_box.ConfigBox.__getattr__
  File "box\box.py", line 552, in box.box.Box.__getattr__
box.exceptions.BoxKeyError: "'ConfigBox' object has no attribute 'status_dtype_file'"
[2024-04-24 15:39:33,811: INFO: stage_02_data_validation: >>>>>>>>>  Data Validation Stage started <<<<<<<<]
[2024-04-24 15:39:33,814: INFO: common: yaml file: A:\MlProject\RED_WINE_QUALITY\config\config.yaml loaded successfully]
[2024-04-24 15:39:33,815: INFO: common: yaml file: A:\MlProject\RED_WINE_QUALITY\params.yaml loaded successfully]
[2024-04-24 15:39:33,817: INFO: common: yaml file: A:\MlProject\RED_WINE_QUALITY\schema.yaml loaded successfully]
[2024-04-24 15:39:33,818: INFO: common: created directory at: artifacts]
[2024-04-24 15:39:33,818: INFO: common: created directory at: artifacts/data_validation]
[2024-04-24 15:39:33,818: ERROR: stage_02_data_validation: "'ConfigBox' object has no attribute 'status_dtype_file'"]
Traceback (most recent call last):
  File "box\box.py", line 503, in box.box.Box.__getitem__
KeyError: 'status_dtype_file'

The above exception was the direct cause of the following exception:

Traceback (most recent call last):
  File "box\box.py", line 536, in box.box.Box.__getattr__
  File "box\box.py", line 524, in box.box.Box.__getitem__
box.exceptions.BoxKeyError: "'status_dtype_file'"

During handling of the above exception, another exception occurred:

Traceback (most recent call last):
  File "box\box.py", line 538, in box.box.Box.__getattr__
AttributeError: 'ConfigBox' object has no attribute 'status_dtype_file'

The above exception was the direct cause of the following exception:

Traceback (most recent call last):
  File "box\config_box.py", line 28, in box.config_box.ConfigBox.__getattr__
  File "box\box.py", line 552, in box.box.Box.__getattr__
box.exceptions.BoxKeyError: "'ConfigBox' object has no attribute 'status_dtype_file'"

During handling of the above exception, another exception occurred:

Traceback (most recent call last):
  File "box\box.py", line 503, in box.box.Box.__getitem__
KeyError: 'status_dtype_file'

The above exception was the direct cause of the following exception:

Traceback (most recent call last):
  File "box\box.py", line 536, in box.box.Box.__getattr__
  File "box\box.py", line 524, in box.box.Box.__getitem__
box.exceptions.BoxKeyError: "'status_dtype_file'"

During handling of the above exception, another exception occurred:

Traceback (most recent call last):
  File "box\box.py", line 538, in box.box.Box.__getattr__
AttributeError: 'ConfigBox' object has no attribute 'status_dtype_file'

The above exception was the direct cause of the following exception:

Traceback (most recent call last):
  File "a:\MlProject\RED_WINE_QUALITY\src\Red_Wine_Quality\pipeline\stage_02_data_validation.py", line 26, in <module>
    obj.main()
  File "a:\MlProject\RED_WINE_QUALITY\src\Red_Wine_Quality\pipeline\stage_02_data_validation.py", line 15, in main
    data_validation_config=config.get_data_validation_config()
  File "a:\mlproject\red_wine_quality\src\Red_Wine_Quality\config\configuration.py", line 36, in get_data_validation_config
    status_dtype_file=config.status_dtype_file,
  File "box\config_box.py", line 30, in box.config_box.ConfigBox.__getattr__
  File "box\box.py", line 552, in box.box.Box.__getattr__
box.exceptions.BoxKeyError: "'ConfigBox' object has no attribute 'status_dtype_file'"
[2024-04-24 15:45:54,405: INFO: common: yaml file: A:\MlProject\RED_WINE_QUALITY\config\config.yaml loaded successfully]
[2024-04-24 15:45:54,407: INFO: common: yaml file: A:\MlProject\RED_WINE_QUALITY\params.yaml loaded successfully]
[2024-04-24 15:45:54,410: INFO: common: yaml file: A:\MlProject\RED_WINE_QUALITY\schema.yaml loaded successfully]
[2024-04-24 15:45:54,411: INFO: common: created directory at: artifacts]
[2024-04-24 15:45:54,412: INFO: common: created directory at: artifacts/data_validation]
[2024-04-24 15:46:39,014: INFO: common: yaml file: A:\MlProject\RED_WINE_QUALITY\config\config.yaml loaded successfully]
[2024-04-24 15:46:39,016: INFO: common: yaml file: A:\MlProject\RED_WINE_QUALITY\params.yaml loaded successfully]
[2024-04-24 15:46:39,019: INFO: common: yaml file: A:\MlProject\RED_WINE_QUALITY\schema.yaml loaded successfully]
[2024-04-24 15:46:39,020: INFO: common: created directory at: artifacts]
[2024-04-24 15:46:39,021: INFO: common: created directory at: artifacts/data_validation]
[2024-04-24 15:48:21,340: INFO: common: yaml file: A:\MlProject\RED_WINE_QUALITY\config\config.yaml loaded successfully]
[2024-04-24 15:48:21,343: INFO: common: yaml file: A:\MlProject\RED_WINE_QUALITY\params.yaml loaded successfully]
[2024-04-24 15:48:21,346: INFO: common: yaml file: A:\MlProject\RED_WINE_QUALITY\schema.yaml loaded successfully]
[2024-04-24 15:48:21,347: INFO: common: created directory at: artifacts]
[2024-04-24 15:48:21,348: INFO: common: created directory at: artifacts/data_validation]
[2024-04-24 15:49:26,123: INFO: common: yaml file: A:\MlProject\RED_WINE_QUALITY\config\config.yaml loaded successfully]
[2024-04-24 15:49:26,125: INFO: common: yaml file: A:\MlProject\RED_WINE_QUALITY\params.yaml loaded successfully]
[2024-04-24 15:49:26,128: INFO: common: yaml file: A:\MlProject\RED_WINE_QUALITY\schema.yaml loaded successfully]
[2024-04-24 15:49:26,129: INFO: common: created directory at: artifacts]
[2024-04-24 15:49:26,130: INFO: common: created directory at: artifacts/data_validation]
[2024-04-24 15:49:56,021: INFO: common: yaml file: A:\MlProject\RED_WINE_QUALITY\config\config.yaml loaded successfully]
[2024-04-24 15:49:56,023: INFO: common: yaml file: A:\MlProject\RED_WINE_QUALITY\params.yaml loaded successfully]
[2024-04-24 15:49:56,025: INFO: common: yaml file: A:\MlProject\RED_WINE_QUALITY\schema.yaml loaded successfully]
[2024-04-24 15:49:56,027: INFO: common: created directory at: artifacts]
[2024-04-24 15:49:56,028: INFO: common: created directory at: artifacts/data_validation]
[2024-04-24 15:53:25,579: INFO: stage_02_data_validation: >>>>>>>>>  Data Validation Stage started <<<<<<<<]
[2024-04-24 15:53:25,582: INFO: common: yaml file: A:\MlProject\RED_WINE_QUALITY\config\config.yaml loaded successfully]
[2024-04-24 15:53:25,583: INFO: common: yaml file: A:\MlProject\RED_WINE_QUALITY\params.yaml loaded successfully]
[2024-04-24 15:53:25,585: INFO: common: yaml file: A:\MlProject\RED_WINE_QUALITY\schema.yaml loaded successfully]
[2024-04-24 15:53:25,585: INFO: common: created directory at: artifacts]
[2024-04-24 15:53:25,586: INFO: common: created directory at: artifacts/data_validation]
[2024-04-24 15:53:25,606: INFO: stage_02_data_validation: >>>>>>>>>  Data Validation Stage Completed <<<<<<<<]
[2024-04-24 15:54:45,085: INFO: stage_02_data_validation: >>>>>>>>>  Data Validation Stage started <<<<<<<<]
[2024-04-24 15:54:45,088: INFO: common: yaml file: A:\MlProject\RED_WINE_QUALITY\config\config.yaml loaded successfully]
[2024-04-24 15:54:45,089: INFO: common: yaml file: A:\MlProject\RED_WINE_QUALITY\params.yaml loaded successfully]
[2024-04-24 15:54:45,091: INFO: common: yaml file: A:\MlProject\RED_WINE_QUALITY\schema.yaml loaded successfully]
[2024-04-24 15:54:45,091: INFO: common: created directory at: artifacts]
[2024-04-24 15:54:45,092: INFO: common: created directory at: artifacts/data_validation]
[2024-04-24 15:54:45,116: INFO: stage_02_data_validation: >>>>>>>>>  Data Validation Stage Completed <<<<<<<<]
[2024-04-24 16:10:34,487: INFO: main: >>>>>> Data Ingestion Stage started <<<<<<]
[2024-04-24 16:10:34,490: INFO: common: yaml file: A:\MlProject\RED_WINE_QUALITY\config\config.yaml loaded successfully]
[2024-04-24 16:10:34,491: INFO: common: yaml file: A:\MlProject\RED_WINE_QUALITY\params.yaml loaded successfully]
[2024-04-24 16:10:34,493: INFO: common: yaml file: A:\MlProject\RED_WINE_QUALITY\schema.yaml loaded successfully]
[2024-04-24 16:10:34,494: INFO: common: created directory at: artifacts]
[2024-04-24 16:10:34,495: INFO: common: created directory at: artifacts/data_ingestion]
[2024-04-24 16:10:34,495: INFO: data_ingestion: File already exists of size: ~ 23 KB]
[2024-04-24 16:10:34,499: INFO: main: >>>>>> Data Ingestion Stage completed <<<<<<

x==========x]
[2024-04-24 16:10:34,500: INFO: main: >>>>>>  Data Validation Stage started <<<<<<]
[2024-04-24 16:10:34,502: INFO: common: yaml file: A:\MlProject\RED_WINE_QUALITY\config\config.yaml loaded successfully]
[2024-04-24 16:10:34,503: INFO: common: yaml file: A:\MlProject\RED_WINE_QUALITY\params.yaml loaded successfully]
[2024-04-24 16:10:34,505: INFO: common: yaml file: A:\MlProject\RED_WINE_QUALITY\schema.yaml loaded successfully]
[2024-04-24 16:10:34,506: INFO: common: created directory at: artifacts]
[2024-04-24 16:10:34,507: INFO: common: created directory at: artifacts/data_validation]
[2024-04-24 16:10:34,529: INFO: main: >>>>>> stage Data Validation Stage completed <<<<<<

x==========x]
[2024-04-24 16:10:34,530: INFO: main: >>>>>>  Data Transformation Stage started <<<<<<]
[2024-04-24 16:10:34,530: ERROR: main: Your Data schema is not valid]
Traceback (most recent call last):
  File "a:\MlProject\RED_WINE_QUALITY\main.py", line 39, in <module>
    data_ingestion.main()
  File "a:\mlproject\red_wine_quality\src\Red_Wine_Quality\pipeline\stage_03_data_transformation.py", line 24, in main
    raise e
  File "a:\mlproject\red_wine_quality\src\Red_Wine_Quality\pipeline\stage_03_data_transformation.py", line 22, in main
    raise Exception ("Your Data schema is not valid")
Exception: Your Data schema is not valid
[2024-04-24 16:16:13,109: INFO: stage_03_data_transformation: >>>>>>>>>  Data Transformation Stage started <<<<<<<<]
[2024-04-24 16:16:13,110: ERROR: stage_03_data_transformation: Your Data schema is not valid]
Traceback (most recent call last):
  File "a:\MlProject\RED_WINE_QUALITY\src\Red_Wine_Quality\pipeline\stage_03_data_transformation.py", line 35, in <module>
    obj.main()
  File "a:\MlProject\RED_WINE_QUALITY\src\Red_Wine_Quality\pipeline\stage_03_data_transformation.py", line 28, in main
    raise e
  File "a:\MlProject\RED_WINE_QUALITY\src\Red_Wine_Quality\pipeline\stage_03_data_transformation.py", line 26, in main
    raise Exception ("Your Data schema is not valid")
Exception: Your Data schema is not valid
[2024-04-24 16:16:30,295: INFO: stage_03_data_transformation: >>>>>>>>>  Data Transformation Stage started <<<<<<<<]
[2024-04-24 16:16:30,296: ERROR: stage_03_data_transformation: Your Data schema is not valid]
Traceback (most recent call last):
  File "a:\MlProject\RED_WINE_QUALITY\src\Red_Wine_Quality\pipeline\stage_03_data_transformation.py", line 35, in <module>
    obj.main()
  File "a:\MlProject\RED_WINE_QUALITY\src\Red_Wine_Quality\pipeline\stage_03_data_transformation.py", line 28, in main
    raise e
  File "a:\MlProject\RED_WINE_QUALITY\src\Red_Wine_Quality\pipeline\stage_03_data_transformation.py", line 26, in main
    raise Exception ("Your Data schema is not valid")
Exception: Your Data schema is not valid
[2024-04-24 16:18:44,146: INFO: stage_03_data_transformation: >>>>>>>>>  Data Transformation Stage started <<<<<<<<]
[2024-04-24 16:18:44,146: ERROR: stage_03_data_transformation: Your Data schema is not valid]
Traceback (most recent call last):
  File "a:\MlProject\RED_WINE_QUALITY\src\Red_Wine_Quality\pipeline\stage_03_data_transformation.py", line 35, in <module>
    obj.main()
  File "a:\MlProject\RED_WINE_QUALITY\src\Red_Wine_Quality\pipeline\stage_03_data_transformation.py", line 28, in main
    raise e
  File "a:\MlProject\RED_WINE_QUALITY\src\Red_Wine_Quality\pipeline\stage_03_data_transformation.py", line 26, in main
    raise Exception ("Your Data schema is not valid")
Exception: Your Data schema is not valid
[2024-04-24 16:19:00,214: INFO: stage_03_data_transformation: >>>>>>>>>  Data Transformation Stage started <<<<<<<<]
[2024-04-24 16:19:00,215: ERROR: stage_03_data_transformation: Your Data schema is not valid]
Traceback (most recent call last):
  File "a:\MlProject\RED_WINE_QUALITY\src\Red_Wine_Quality\pipeline\stage_03_data_transformation.py", line 35, in <module>
    obj.main()
  File "a:\MlProject\RED_WINE_QUALITY\src\Red_Wine_Quality\pipeline\stage_03_data_transformation.py", line 28, in main
    raise e
  File "a:\MlProject\RED_WINE_QUALITY\src\Red_Wine_Quality\pipeline\stage_03_data_transformation.py", line 26, in main
    raise Exception ("Your Data schema is not valid")
Exception: Your Data schema is not valid
[2024-04-24 16:19:19,549: INFO: stage_03_data_transformation: >>>>>>>>>  Data Transformation Stage started <<<<<<<<]
[2024-04-24 16:19:19,550: ERROR: stage_03_data_transformation: Your Data schema is not valid]
Traceback (most recent call last):
  File "a:\MlProject\RED_WINE_QUALITY\src\Red_Wine_Quality\pipeline\stage_03_data_transformation.py", line 35, in <module>
    obj.main()
  File "a:\MlProject\RED_WINE_QUALITY\src\Red_Wine_Quality\pipeline\stage_03_data_transformation.py", line 28, in main
    raise e
  File "a:\MlProject\RED_WINE_QUALITY\src\Red_Wine_Quality\pipeline\stage_03_data_transformation.py", line 26, in main
    raise Exception ("Your Data schema is not valid")
Exception: Your Data schema is not valid
[2024-04-24 16:19:20,703: INFO: stage_03_data_transformation: >>>>>>>>>  Data Transformation Stage started <<<<<<<<]
[2024-04-24 16:19:20,704: ERROR: stage_03_data_transformation: Your Data schema is not valid]
Traceback (most recent call last):
  File "a:\MlProject\RED_WINE_QUALITY\src\Red_Wine_Quality\pipeline\stage_03_data_transformation.py", line 35, in <module>
    obj.main()
  File "a:\MlProject\RED_WINE_QUALITY\src\Red_Wine_Quality\pipeline\stage_03_data_transformation.py", line 28, in main
    raise e
  File "a:\MlProject\RED_WINE_QUALITY\src\Red_Wine_Quality\pipeline\stage_03_data_transformation.py", line 26, in main
    raise Exception ("Your Data schema is not valid")
Exception: Your Data schema is not valid
[2024-04-24 16:19:46,542: INFO: stage_03_data_transformation: >>>>>>>>>  Data Transformation Stage started <<<<<<<<]
[2024-04-24 16:19:46,543: ERROR: stage_03_data_transformation: Your Data schema is not valid]
Traceback (most recent call last):
  File "a:\MlProject\RED_WINE_QUALITY\src\Red_Wine_Quality\pipeline\stage_03_data_transformation.py", line 36, in <module>
    obj.main()
  File "a:\MlProject\RED_WINE_QUALITY\src\Red_Wine_Quality\pipeline\stage_03_data_transformation.py", line 29, in main
    raise e
  File "a:\MlProject\RED_WINE_QUALITY\src\Red_Wine_Quality\pipeline\stage_03_data_transformation.py", line 27, in main
    raise Exception ("Your Data schema is not valid")
Exception: Your Data schema is not valid
[2024-04-24 16:21:41,981: INFO: stage_03_data_transformation: >>>>>>>>>  Data Transformation Stage started <<<<<<<<]
[2024-04-24 16:21:41,982: INFO: stage_03_data_transformation: >>>>>>>>>  Data Transformation Stage Completed <<<<<<<<]
[2024-04-24 16:23:34,275: INFO: stage_03_data_transformation: >>>>>>>>>  Data Transformation Stage started <<<<<<<<]
[2024-04-24 16:23:34,276: INFO: stage_03_data_transformation: >>>>>>>>>  Data Transformation Stage Completed <<<<<<<<]
[2024-04-24 16:23:45,909: INFO: stage_03_data_transformation: >>>>>>>>>  Data Transformation Stage started <<<<<<<<]
[2024-04-24 16:23:45,910: INFO: stage_03_data_transformation: >>>>>>>>>  Data Transformation Stage Completed <<<<<<<<]
[2024-04-24 16:24:57,549: INFO: stage_02_data_validation: >>>>>>>>>  Data Validation Stage started <<<<<<<<]
[2024-04-24 16:24:57,552: INFO: common: yaml file: A:\MlProject\RED_WINE_QUALITY\config\config.yaml loaded successfully]
[2024-04-24 16:24:57,553: INFO: common: yaml file: A:\MlProject\RED_WINE_QUALITY\params.yaml loaded successfully]
[2024-04-24 16:24:57,555: INFO: common: yaml file: A:\MlProject\RED_WINE_QUALITY\schema.yaml loaded successfully]
[2024-04-24 16:24:57,556: INFO: common: created directory at: artifacts]
[2024-04-24 16:24:57,556: INFO: common: created directory at: artifacts/data_validation]
[2024-04-24 16:24:57,580: INFO: stage_02_data_validation: >>>>>>>>>  Data Validation Stage Completed <<<<<<<<]
[2024-04-24 16:25:05,006: INFO: stage_03_data_transformation: >>>>>>>>>  Data Transformation Stage started <<<<<<<<]
[2024-04-24 16:25:05,007: INFO: stage_03_data_transformation: >>>>>>>>>  Data Transformation Stage Completed <<<<<<<<]
[2024-04-24 16:25:38,030: INFO: stage_03_data_transformation: >>>>>>>>>  Data Transformation Stage started <<<<<<<<]
[2024-04-24 16:25:38,033: INFO: common: yaml file: A:\MlProject\RED_WINE_QUALITY\config\config.yaml loaded successfully]
[2024-04-24 16:25:38,035: INFO: common: yaml file: A:\MlProject\RED_WINE_QUALITY\params.yaml loaded successfully]
[2024-04-24 16:25:38,037: INFO: common: yaml file: A:\MlProject\RED_WINE_QUALITY\schema.yaml loaded successfully]
[2024-04-24 16:25:38,037: INFO: common: created directory at: artifacts]
[2024-04-24 16:25:38,038: INFO: common: created directory at: artifacts/data_transformation]
[2024-04-24 16:25:38,070: INFO: data_transformation: Splited Data into Training and Test Sets]
[2024-04-24 16:25:38,070: INFO: data_transformation: (1199, 12)]
[2024-04-24 16:25:38,070: INFO: data_transformation: (400, 12)]
[2024-04-24 16:25:38,071: INFO: stage_03_data_transformation: >>>>>>>>>  Data Transformation Stage Completed <<<<<<<<]
[2024-04-24 16:26:05,212: INFO: main: >>>>>> Data Ingestion Stage started <<<<<<]
[2024-04-24 16:26:05,215: INFO: common: yaml file: A:\MlProject\RED_WINE_QUALITY\config\config.yaml loaded successfully]
[2024-04-24 16:26:05,216: INFO: common: yaml file: A:\MlProject\RED_WINE_QUALITY\params.yaml loaded successfully]
[2024-04-24 16:26:05,218: INFO: common: yaml file: A:\MlProject\RED_WINE_QUALITY\schema.yaml loaded successfully]
[2024-04-24 16:26:05,219: INFO: common: created directory at: artifacts]
[2024-04-24 16:26:05,220: INFO: common: created directory at: artifacts/data_ingestion]
[2024-04-24 16:26:05,220: INFO: data_ingestion: File already exists of size: ~ 23 KB]
[2024-04-24 16:26:05,223: INFO: main: >>>>>> Data Ingestion Stage completed <<<<<<

x==========x]
[2024-04-24 16:26:05,223: INFO: main: >>>>>>  Data Validation Stage started <<<<<<]
[2024-04-24 16:26:05,226: INFO: common: yaml file: A:\MlProject\RED_WINE_QUALITY\config\config.yaml loaded successfully]
[2024-04-24 16:26:05,228: INFO: common: yaml file: A:\MlProject\RED_WINE_QUALITY\params.yaml loaded successfully]
[2024-04-24 16:26:05,230: INFO: common: yaml file: A:\MlProject\RED_WINE_QUALITY\schema.yaml loaded successfully]
[2024-04-24 16:26:05,231: INFO: common: created directory at: artifacts]
[2024-04-24 16:26:05,232: INFO: common: created directory at: artifacts/data_validation]
[2024-04-24 16:26:05,254: INFO: main: >>>>>> stage Data Validation Stage completed <<<<<<

x==========x]
[2024-04-24 16:26:05,254: INFO: main: >>>>>>  Data Transformation Stage started <<<<<<]
[2024-04-24 16:26:05,257: INFO: common: yaml file: A:\MlProject\RED_WINE_QUALITY\config\config.yaml loaded successfully]
[2024-04-24 16:26:05,259: INFO: common: yaml file: A:\MlProject\RED_WINE_QUALITY\params.yaml loaded successfully]
[2024-04-24 16:26:05,261: INFO: common: yaml file: A:\MlProject\RED_WINE_QUALITY\schema.yaml loaded successfully]
[2024-04-24 16:26:05,262: INFO: common: created directory at: artifacts]
[2024-04-24 16:26:05,262: INFO: common: created directory at: artifacts/data_transformation]
[2024-04-24 16:26:05,280: INFO: data_transformation: Splited Data into Training and Test Sets]
[2024-04-24 16:26:05,281: INFO: data_transformation: (1199, 12)]
[2024-04-24 16:26:05,281: INFO: data_transformation: (400, 12)]
[2024-04-24 16:26:05,281: INFO: main: >>>>>>  Data Transformation Stage completed <<<<<<

x==========x]
[2024-04-24 16:26:22,602: INFO: main: >>>>>> Data Ingestion Stage started <<<<<<]
[2024-04-24 16:26:22,605: INFO: common: yaml file: A:\MlProject\RED_WINE_QUALITY\config\config.yaml loaded successfully]
[2024-04-24 16:26:22,606: INFO: common: yaml file: A:\MlProject\RED_WINE_QUALITY\params.yaml loaded successfully]
[2024-04-24 16:26:22,609: INFO: common: yaml file: A:\MlProject\RED_WINE_QUALITY\schema.yaml loaded successfully]
[2024-04-24 16:26:22,609: INFO: common: created directory at: artifacts]
[2024-04-24 16:26:22,611: INFO: common: created directory at: artifacts/data_ingestion]
[2024-04-24 16:26:24,191: INFO: data_ingestion: artifacts/data_ingestion/data.zip download! with following info: 
Connection: close
Content-Length: 23329
Cache-Control: max-age=300
Content-Security-Policy: default-src 'none'; style-src 'unsafe-inline'; sandbox
Content-Type: application/zip
ETag: "c69888a4ae59bc5a893392785a938ccd4937981c06ba8a9d6a21aa52b4ab5b6e"
Strict-Transport-Security: max-age=31536000
X-Content-Type-Options: nosniff
X-Frame-Options: deny
X-XSS-Protection: 1; mode=block
X-GitHub-Request-Id: 723E:366591:37C214:492F5B:6628E55D
Accept-Ranges: bytes
Date: Wed, 24 Apr 2024 10:56:30 GMT
Via: 1.1 varnish
X-Served-By: cache-del21728-DEL
X-Cache: MISS
X-Cache-Hits: 0
X-Timer: S1713956190.234106,VS0,VE410
Vary: Authorization,Accept-Encoding,Origin
Access-Control-Allow-Origin: *
Cross-Origin-Resource-Policy: cross-origin
X-Fastly-Request-ID: 15ff739e9245fbb7b4a36f12c1738d58e79db5ad
Expires: Wed, 24 Apr 2024 11:01:30 GMT
Source-Age: 0

]
[2024-04-24 16:26:24,211: INFO: main: >>>>>> Data Ingestion Stage completed <<<<<<

x==========x]
[2024-04-24 16:26:24,211: INFO: main: >>>>>>  Data Validation Stage started <<<<<<]
[2024-04-24 16:26:24,214: INFO: common: yaml file: A:\MlProject\RED_WINE_QUALITY\config\config.yaml loaded successfully]
[2024-04-24 16:26:24,215: INFO: common: yaml file: A:\MlProject\RED_WINE_QUALITY\params.yaml loaded successfully]
[2024-04-24 16:26:24,217: INFO: common: yaml file: A:\MlProject\RED_WINE_QUALITY\schema.yaml loaded successfully]
[2024-04-24 16:26:24,218: INFO: common: created directory at: artifacts]
[2024-04-24 16:26:24,219: INFO: common: created directory at: artifacts/data_validation]
[2024-04-24 16:26:24,241: INFO: main: >>>>>> stage Data Validation Stage completed <<<<<<

x==========x]
[2024-04-24 16:26:24,241: INFO: main: >>>>>>  Data Transformation Stage started <<<<<<]
[2024-04-24 16:26:24,244: INFO: common: yaml file: A:\MlProject\RED_WINE_QUALITY\config\config.yaml loaded successfully]
[2024-04-24 16:26:24,245: INFO: common: yaml file: A:\MlProject\RED_WINE_QUALITY\params.yaml loaded successfully]
[2024-04-24 16:26:24,248: INFO: common: yaml file: A:\MlProject\RED_WINE_QUALITY\schema.yaml loaded successfully]
[2024-04-24 16:26:24,249: INFO: common: created directory at: artifacts]
[2024-04-24 16:26:24,249: INFO: common: created directory at: artifacts/data_transformation]
[2024-04-24 16:26:24,269: INFO: data_transformation: Splited Data into Training and Test Sets]
[2024-04-24 16:26:24,269: INFO: data_transformation: (1199, 12)]
[2024-04-24 16:26:24,269: INFO: data_transformation: (400, 12)]
[2024-04-24 16:26:24,270: INFO: main: >>>>>>  Data Transformation Stage completed <<<<<<

x==========x]
